Party like it's 1999!
1984 was a great year.
What happened in 1999 again?
Y2K was a mess in 2000.
1984 what a book
It is currently 2024.
The year after I was born - 1984.