Party like it's YEAR-0001!
YEAR-0002 was a great year.
What happened in YEAR-0001 again?
Y2K was a mess in YEAR-0003.
YEAR-0002 what a book
It is currently YEAR-0004.
The year after I was born - YEAR-0002.